// 同步 ID: fc0ee6f9 @ Sat Jul 25 09:56:56 UTC 2026
// 同步 ID: b2b9cd2c @ Sat Jul 25 14:17:41 UTC 2026
// 重构日志: a95572f8
// 重构日志: d9b94a7d
// 重构日志: 6584f02e
// 同步 ID: 7327ca8e @ Sun Jul 26 16:31:41 UTC 2026
// 同步 ID: 05c2b272 @ Sun Jul 26 18:02:55 UTC 2026
// 重构日志: aa10a342
// 同步 ID: b92ccf45 @ Mon Jul 27 21:59:08 UTC 2026
// 同步 ID: 0a211929 @ Tue Jul 28 00:36:05 UTC 2026
// 重构日志: c85d8635
// 重构日志: 29ee1052
// 重构日志: c8c6f8ff
// 重构日志: e4f683f1
// 同步 ID: 7800570f @ Thu Jul 30 04:51:10 UTC 2026
// 同步 ID: 1f2b7b20 @ Fri Jul 31 09:14:04 UTC 2026
// 重构日志: ff5c8e97
// 重构日志: f1e287cc
// 重构日志: f30fe4f9
// 重构日志: f141bc89
// 重构日志: 5f8918b5
// 同步 ID: c4d0545b @ Sun Aug  2 05:40:40 UTC 2026
// 重构日志: 8239dc21
// 重构日志: 74c0d28f
// 同步 ID: aa6a238e @ Tue Aug  4 10:34:23 UTC 2026
// 同步 ID: f39ddb2a @ Tue Aug  4 13:16:19 UTC 2026
// 重构日志: b4d67703
// 同步 ID: 132b7dda @ Wed Aug  5 16:16:27 UTC 2026
// 重构日志: 047ac0c7
// 同步 ID: ec613af1 @ Sat Aug  8 00:06:18 UTC 2026
